#######################################
## Regions
#######################################
overrideid 152
overridemap 1
###################################################################################################################################################
## Gurgantauf Plains
###################################################################################################################################################
##
## Wilderness - Mobiles
##
*|FaerieHorse||||||4229|2289|0|1|5|10|5|5|1|2|0|0|0|0|0
*|FaerieHorse||||||4212|2337|-15|1|5|10|50|50|1|10|0|0|0|0|0
*|FaerieHorse||||||4077|2406|0|1|5|10|50|50|1|10|0|0|0|0|0
*|GreatLandShark||||||4007|2264|0|1|5|10|80|80|1|8|0|0|0|0|0
*|GreatLandShark||||||4156|2312|0|1|5|10|80|80|1|8|0|0|0|0|0
*|MegalocerosFawn||||||4071|2408|0|1|5|10|80|80|1|10|0|0|0|0|0
*|DampwoodMite||||||3992|2160|4|1|5|10|20|20|1|10|0|0|0|0|0
*|DangerFloof:GreatLandShark:MegalocerosFawn:RedBoar:PrimroseSprite||||||4114|2084|0|1|5|10|80|80|1|15|0|0|0|0|0
*|DangerFloof:GreatLandShark:MegalocerosFawn:RedBoar:PrimroseSprite||||||4065|1973|-11|1|5|10|80|80|1|15|0|0|0|0|0
*|DangerFloof:GreatLandShark:MegalocerosFawn:RedBoar:PrimroseSprite||||||4005|1830|8|1|5|10|80|80|1|15|0|0|0|0|0
*|DangerFloof:GreatLandShark:MegalocerosFawn:RedBoar:PrimroseSprite||||||4154|1642|3|1|5|10|80|80|1|15|0|0|0|0|0
*|DangerFloof:GreatLandShark:MegalocerosFawn:RedBoar:PrimroseSprite||||||4326|1672|3|1|5|10|80|80|1|15|0|0|0|0|0
*|DangerFloof:GreatLandShark:MegalocerosFawn:RedBoar:PrimroseSprite||||||4414|1745|3|1|5|10|80|80|1|15|0|0|0|0|0
*|LakeLizard||||||3916|1684|1|1|15|30|50|50|1|10|0|0|0|0|0
*|DewSheerie||||||3899|1846|0|1|15|30|80|80|1|12|0|0|0|0|0
*|DewSheerie||||||3893|2037|0|1|15|30|80|80|1|12|0|0|0|0|0
*|Booplesnoot:DangerFloof:DuskRat:FelineOfColor:HeadlessBomber:VillainousBandit||||||3913|2201|0|1|15|20|100|100|1|15|0|0|0|0|0
*|AnansirochAdventurer:Booplesnoot:DangerFloof:DuskRat:FelineOfColor:HeadlessBomber:Parthanan:PrimroseSprite:RiverGobbler:VillainousBandit||||||3927|2466|0|1|15|20|100|100|1|25|0|0|0|0|0
*|AnansirochAdventurer:Booplesnoot:DangerFloof:DuskRat:FelineOfColor:HeadlessBomber:Parthanan:PrimroseSprite:RiverGobbler:VillainousBandit||||||3810|2686|1|1|15|20|100|100|1|25|0|0|0|0|0
*|AnansirochAdventurer:Booplesnoot:DangerFloof:DuskRat:FelineOfColor:HeadlessBomber:Parthanan:PrimroseSprite:RiverGobbler:VillainousBandit||||||4011|2691|5|1|15|20|100|100|1|25|0|0|0|0|0
*|AnansirochAdventurer:Booplesnoot:DangerFloof:DuskRat:FelineOfColor:HeadlessBomber:Parthanan:PrimroseSprite:RiverGobbler:VillainousBandit||||||4142|2571|0|1|15|20|100|100|1|25|0|0|0|0|0
*|LakeLizard||||||4677|2274|1|1|15|30|50|50|1|10|0|0|0|0|0
*|DewSheerie||||||4509|2488|2|1|15|30|80|80|1|12|0|0|0|0|0
*|DewSheerie||||||4754|2197|2|1|15|30|80|80|1|12|0|0|0|0|0
*|AnansirochAdventurer:Booplesnoot:DangerFloof:DuskRat:FelineOfColor:HeadlessBomber:Parthanan:PrimroseSprite:RiverGobbler:VillainousBandit||||||4301|2470|4|1|15|20|100|100|1|25|0|0|0|0|0
*|AnansirochAdventurer:Booplesnoot:DangerFloof:DuskRat:FelineOfColor:HeadlessBomber:Parthanan:PrimroseSprite:RiverGobbler:VillainousBandit||||||4438|2576|0|1|15|20|100|100|1|25|0|0|0|0|0
*|AnansirochAdventurer:Booplesnoot:DangerFloof:DuskRat:FelineOfColor:HeadlessBomber:Parthanan:PrimroseSprite:RiverGobbler:VillainousBandit||||||4659|2291|0|1|15|20|100|100|1|25|0|0|0|0|0
*|LakeLizard||||||4427|2251|2|1|15|30|50|50|1|10|0|0|0|0|0
*|LakeLizard||||||4405|2254|2|1|15|30|50|50|1|10|0|0|0|0|0
*|DewSheerie||||||4278|2664|2|1|15|30|80|80|1|12|0|0|0|0|0
*|Booplesnoot:DangerFloof:DuskRat:FelineOfColor:HeadlessBomber:Parthanan:PrimroseSprite:RiverGobbler:VillainousBandit||||||3944|2647|0|1|15|20|100|100|1|25|0|0|0|0|0
*|DewSheerie||||||3823|2537|0|1|15|30|80|80|1|12|0|0|0|0|0
*|DewSheerie||||||3664|2789|2|1|15|30|80|80|1|12|0|0|0|0|0
*|Booplesnoot:DangerFloof:DuskRat:FelineOfColor:HeadlessBomber:Parthanan:PrimroseSprite:RiverGobbler:VillainousBandit||||||3656|2738|0|1|15|20|100|100|1|25|0|0|0|0|0
*|DewSheerie||||||3449|2856|0|1|15|30|80|80|1|12|0|0|0|0|0
*|DewSheerie||||||3686|3132|0|1|15|30|80|80|1|12|0|0|0|0|0
*|Savage:SavageRider:SavageShaman:SwampHopper||||||3871|3251|0|1|15|30|80|80|1|25|0|0|0|0|0
*|Savage:SavageRider:SavageShaman:SwampHopper||||||3958|3223|0|1|15|30|80|80|1|25|0|0|0|0|0
*|Savage:SavageRider:SavageShaman:SwampHopper||||||3871|3326|0|1|15|30|80|80|1|25|0|0|0|0|0
*|Savage:SavageRider:SavageShaman:SwampHopper||||||3824|3391|0|1|15|30|80|80|1|25|0|0|0|0|0
##
##
##
